[    0.000000] Linux version 4.15.0-212-generic (buildd@lcy02-amd64-083) (gcc version 7.5.0 (Ubuntu 7.5.0-3ubuntu1~18.04)) #223-Ubuntu SMP Tue May 23 13:09:22 UTC 2023 (Ubuntu 4.15.0-212.223-generic 4.15.18)
[    0.000000] Command line: BOOT_IMAGE=/boot/vmlinuz-4.15.0-212-generic root=LABEL=cloudimg-rootfs ro console=tty1 console=ttyS0
[    0.000000] KERNEL supported cpus:
[    0.000000]   Intel GenuineIntel
[    0.000000]   AMD AuthenticAMD
[    0.000000]   Centaur CentaurHauls
[    0.000000] x86/fpu: Supporting XSAVE feature 0x001: 'x87 floating point registers'
[    0.000000] x86/fpu: Supporting XSAVE feature 0x002: 'SSE registers'
[    0.000000] x86/fpu: Supporting XSAVE feature 0x004: 'AVX registers'
[    0.000000] x86/fpu: xstate_offset[2]:  576, xstate_sizes[2]:  256
[    0.000000] x86/fpu: Enabled xstate features 0x7, context size is 832 bytes, using 'standard' format.
[    0.000000] e820: BIOS-provided physical RAM map:
[    0.000000] BIOS-e820: [mem 0x0000000000000000-0x000000000009fbff] usable
[    0.000000] BIOS-e820: [mem 0x000000000009fc00-0x000000000009ffff] reserved
[    0.000000] BIOS-e820: [mem 0x00000000000f0000-0x00000000000fffff] reserved
[    0.000000] BIOS-e820: [mem 0x0000000000100000-0x000000003ffeffff] usable
[    0.000000] BIOS-e820: [mem 0x000000003fff0000-0x000000003fffffff] ACPI data
[    0.000000] BIOS-e820: [mem 0x00000000fec00000-0x00000000fec00fff] reserved
[    0.000000] BIOS-e820: [mem 0x00000000fee00000-0x00000000fee00fff] reserved
[    0.000000] BIOS-e820: [mem 0x00000000fffc0000-0x00000000ffffffff] reserved
[    0.000000] NX (Execute Disable) protection: active
[    0.000000] SMBIOS 2.5 present.
[    0.000000] DMI: innotek GmbH VirtualBox/VirtualBox, BIOS VirtualBox 12/01/2006
[    0.000000] Hypervisor detected: KVM
[    0.000000] e820: last_pfn = 0x3fff0 max_arch_pfn = 0x400000000
[    0.000000] MTRR: Disabled
[    0.000000] x86/PAT: MTRRs disabled, skipping PAT initialization too.
[    0.000000] CPU MTRRs all blank - virtualized system.
[    0.000000] x86/PAT: Configuration [0-7]: WB  WT  UC- UC  WB  WT  UC- UC  
[    0.000000] found SMP MP-table at [mem 0x0009fff0-0x0009ffff]
[    0.000000] Scanning 1 areas for low memory corruption
[    0.000000] RAMDISK: [mem 0x359cb000-0x36cdcfff]
[    0.000000] ACPI: Early table checksum verification disabled
[    0.000000] ACPI: RSDP 0x00000000000E0000 000024 (v02 VBOX  )
[    0.000000] ACPI: XSDT 0x000000003FFF0030 00003C (v01 VBOX   VBOXXSDT 00000001 ASL  00000061)
[    0.000000] ACPI: FACP 0x000000003FFF00F0 0000F4 (v04 VBOX   VBOXFACP 00000001 ASL  00000061)
[    0.000000] ACPI: DSDT 0x000000003FFF0610 002353 (v02 VBOX   VBOXBIOS 00000002 INTL 20100528)
[    0.000000] ACPI: FACS 0x000000003FFF0200 000040
[    0.000000] ACPI: FACS 0x000000003FFF0200 000040
[    0.000000] ACPI: APIC 0x000000003FFF0240 00005C (v02 VBOX   VBOXAPIC 00000001 ASL  00000061)
[    0.000000] ACPI: SSDT 0x000000003FFF02A0 00036C (v01 VBOX   VBOXCPUT 00000002 INTL 20100528)
[    0.000000] ACPI: Reserving FACP table memory at [mem 0x3fff00f0-0x3fff01e3]
[    0.000000] ACPI: Reserving DSDT table memory at [mem 0x3fff0610-0x3fff2962]
[    0.000000] ACPI: Reserving FACS table memory at [mem 0x3fff0200-0x3fff023f]
[    0.000000] ACPI: Reserving FACS table memory at [mem 0x3fff0200-0x3fff023f]
[    0.000000] ACPI: Reserving APIC table memory at [mem 0x3fff0240-0x3fff029b]
[    0.000000] ACPI: Reserving SSDT table memory at [mem 0x3fff02a0-0x3fff060b]
[    0.000000] No NUMA configuration found
[    0.000000] Faking a node at [mem 0x0000000000000000-0x000000003ffeffff]
[    0.000000] NODE_DATA(0) allocated [mem 0x3ffc5000-0x3ffeffff]
[    0.000000] kvm-clock: cpu 0, msr 0:3ff44001, primary cpu clock
[    0.000000] kvm-clock: Using msrs 4b564d01 and 4b564d00
[    0.000000] kvm-clock: using sched offset of 3245782325 cycles
[    0.000000] clocksource: kvm-clock: mask: 0xffffffffffffffff max_cycles: 0x1cd42e4dffb, max_idle_ns: 881590591483 ns
[    0.000000] Zone ranges:
[    0.000000]   DMA      [mem 0x0000000000001000-0x0000000000ffffff]
[    0.000000]   DMA32    [mem 0x0000000001000000-0x000000003ffeffff]
[    0.000000]   Normal   empty
[    0.000000]   Device   empty
[    0.000000] Movable zone start for each node
[    0.000000] Early memory node ranges
[    0.000000]   node   0: [mem 0x0000000000001000-0x000000000009efff]
[    0.000000]   node   0: [mem 0x0000000000100000-0x000000003ffeffff]
[    0.000000] Reserved but unavailable: 104 pages
[    0.000000] Initmem setup node 0 [mem 0x0000000000001000-0x000000003ffeffff]
[    0.000000] ACPI: PM-Timer IO Port: 0x4008
[    0.000000] IOAPIC[0]: apic_id 2, version 32, address 0xfec00000, GSI 0-23
[    0.000000] ACPI: INT_SRC_OVR (bus 0 bus_irq 0 global_irq 2 dfl dfl)
[    0.000000] ACPI: INT_SRC_OVR (bus 0 bus_irq 9 global_irq 9 low level)
[    0.000000] Using ACPI (MADT) for SMP configuration information
[    0.000000] smpboot: Allowing 2 CPUs, 0 hotplug CPUs
[    0.000000] PM: Registered nosave memory: [mem 0x00000000-0x00000fff]
[    0.000000] PM: Registered nosave memory: [mem 0x0009f000-0x0009ffff]
[    0.000000] PM: Registered nosave memory: [mem 0x000a0000-0x000effff]
[    0.000000] PM: Registered nosave memory: [mem 0x000f0000-0x000fffff]
[    0.000000] e820: [mem 0x40000000-0xfebfffff] available for PCI devices
[    0.000000] Booting paravirtualized kernel on KVM
[    0.000000] clocksource: refined-jiffies: mask: 0xffffffff max_cycles: 0xffffffff, max_idle_ns: 7645519600211568 ns
[    0.000000] setup_percpu: NR_CPUS:8192 nr_cpumask_bits:2 nr_cpu_ids:2 nr_node_ids:1
[    0.000000] percpu: Embedded 50 pages/cpu s167936 r8192 d28672 u1048576
[    0.000000] PV qspinlock hash table entries: 256 (order: 0, 4096 bytes)
[    0.000000] Built 1 zonelists, mobility grouping on.  Total pages: 257913
[    0.000000] Policy zone: DMA32
[    0.000000] Kernel command line: BOOT_IMAGE=/boot/vmlinuz-4.15.0-212-generic root=LABEL=cloudimg-rootfs ro console=tty1 console=ttyS0
[    0.000000] Memory: 982644K/1048120K available (12300K kernel code, 2477K rwdata, 4324K rodata, 2480K init, 2720K bss, 65476K reserved, 0K cma-reserved)
[    0.000000] SLUB: HWalign=64, Order=0-3, MinObjects=0, CPUs=2, Nodes=1
[    0.000000] ftrace: allocating 39508 entries in 155 pages
[    0.004000] Hierarchical RCU implementation.
[    0.004000] 	RCU restricting CPUs from NR_CPUS=8192 to nr_cpu_ids=2.
[    0.004000] 	Tasks RCU enabled.
[    0.004000] RCU: Adjusting geometry for rcu_fanout_leaf=16, nr_cpu_ids=2
[    0.004000] NR_IRQS: 524544, nr_irqs: 440, preallocated irqs: 16
[    0.004000] random: crng init done
[    0.004000] Console: colour VGA+ 80x25
[    0.004000] console [tty1] enabled
[    0.004000] console [ttyS0] enabled
[    0.004000] ACPI: Core revision 20170831
[    0.004000] ACPI: 2 ACPI AML tables successfully acquired and loaded
[    0.004000] APIC: Switch to symmetric I/O mode setup
[    0.004000] x2apic enabled
[    0.004000] Switched APIC routing to physical x2apic.
[    0.004000] ..TIMER: vector=0x30 apic1=0 pin1=2 apic2=-1 pin2=-1
[    0.004000] tsc: Detected 3696.002 MHz processor
[    0.004000] Calibrating delay loop (skipped) preset value.. 7392.00 BogoMIPS (lpj=14784008)
[    0.004004] pid_max: default: 32768 minimum: 301
[    0.004625] Security Framework initialized
[    0.005126] Yama: becoming mindful.
[    0.005569] AppArmor: AppArmor initialized
[    0.008007] Dentry cache hash table entries: 131072 (order: 8, 1048576 bytes)
[    0.008862] Inode-cache hash table entries: 65536 (order: 7, 524288 bytes)
[    0.009641] Mount-cache hash table entries: 2048 (order: 2, 16384 bytes)
[    0.012005] Mountpoint-cache hash table entries: 2048 (order: 2, 16384 bytes)
[    0.013211] Last level iTLB entries: 4KB 128, 2MB 8, 4MB 8
[    0.014018] Last level dTLB entries: 4KB 64, 2MB 0, 4MB 0, 1GB 4
[    0.014963] Spectre V1 : Mitigation: usercopy/swapgs barriers and __user pointer sanitization
[    0.016002] Spectre V2 : Mitigation: Retpolines
[    0.016674] Spectre V2 : Spectre v2 / SpectreRSB mitigation: Filling RSB on context switch
[    0.017878] Spectre V2 : Spectre v2 / SpectreRSB : Filling RSB on VMEXIT
[    0.018790] RETBleed: WARNING: Spectre v2 mitigation leaves CPU vulnerable to RETBleed attacks, data leaks possible!
[    0.020002] RETBleed: Vulnerable
[    0.020411] Speculative Store Bypass: Vulnerable
[    0.021134] MMIO Stale Data: Vulnerable: Clear CPU buffers attempted, no microcode
[    0.022069] SRBDS: Unknown: Dependent on hypervisor status
[    0.024008] Freeing SMP alternatives memory: 36K
[    0.133741] smpboot: CPU0: Intel(R) Core(TM) i5-9600K CPU @ 3.70GHz (family: 0x6, model: 0x9e, stepping: 0xd)
[    0.135280] Performance Events: unsupported p6 CPU model 158 no PMU driver, software events only.
[    0.136000] Hierarchical SRCU implementation.
[    0.136000] NMI watchdog: Perf event create on CPU 0 failed with -2
[    0.136002] NMI watchdog: Perf NMI watchdog permanently disabled
[    0.137028] smp: Bringing up secondary CPUs ...
[    0.137877] x86: Booting SMP configuration:
[    0.138522] .... node  #0, CPUs:      #1
[    0.004000] kvm-clock: cpu 1, msr 0:3ff44041, secondary cpu clock
[    0.142862] smp: Brought up 1 node, 2 CPUs
[    0.142862] smpboot: Max logical packages: 1
[    0.144004] smpboot: Total of 2 processors activated (14784.00 BogoMIPS)
[    0.145063] devtmpfs: initialized
[    0.145063] x86/mm: Memory block size: 128MB
[    0.145294] evm: security.selinux
[    0.145790] evm: security.SMACK64
[    0.146239] evm: security.SMACK64EXEC
[    0.148002] evm: security.SMACK64TRANSMUTE
[    0.148497] evm: security.SMACK64MMAP
[    0.149052] evm: security.apparmor
[    0.149502] evm: security.ima
[    0.149904] evm: security.capability
[    0.150508] clocksource: jiffies: mask: 0xffffffff max_cycles: 0xffffffff, max_idle_ns: 7645041785100000 ns
[    0.152007] futex hash table entries: 512 (order: 3, 32768 bytes)
[    0.153046] pinctrl core: initialized pinctrl subsystem
[    0.156051] RTC time: 14:14:58, date: 11/05/24
[    0.156894] NET: Registered protocol family 16
[    0.157549] audit: initializing netlink subsys (disabled)
[    0.158298] audit: type=2000 audit(1730816102.973:1): state=initialized audit_enabled=0 res=1
[    0.160009] cpuidle: using governor ladder
[    0.160550] cpuidle: using governor menu
[    0.161060] ACPI: bus type PCI registered
[    0.161551] acpiphp: ACPI Hot Plug PCI Controller Driver version: 0.5
[    0.162373] PCI: Using configuration type 1 for base access
[    0.164011] HugeTLB registered 2.00 MiB page size, pre-allocated 0 pages
[    0.164806] ACPI: Added _OSI(Module Device)
[    0.164806] ACPI: Added _OSI(Processor Device)
[    0.165155] ACPI: Added _OSI(3.0 _SCP Extensions)
[    0.165714] ACPI: Added _OSI(Processor Aggregator Device)
[    0.166377] ACPI: Added _OSI(Linux-Dell-Video)
[    0.166913] ACPI: Added _OSI(Linux-Lenovo-NV-HDMI-Audio)
[    0.168003] ACPI: Added _OSI(Linux-HPI-Hybrid-Graphics)
[    0.168814] ACPI: Executed 1 blocks of module-level executable AML code
[    0.172972] ACPI: Interpreter enabled
[    0.173514] ACPI: (supports S0 S5)
[    0.173973] ACPI: Using IOAPIC for interrupt routing
[    0.174715] PCI: Using host bridge windows from ACPI; if necessary, use "pci=nocrs" and report a bug
[    0.176000] ACPI: Enabled 2 GPEs in block 00 to 07
[    0.181062] ACPI: PCI Root Bridge [PCI0] (domain 0000 [bus 00-ff])
[    0.182022] acpi PNP0A03:00: _OSC: OS supports [ASPM ClockPM Segments MSI]
[    0.183254] acpi PNP0A03:00: _OSC: not requesting OS control; OS requires [ExtendedConfig ASPM ClockPM MSI]
[    0.184000] acpi PNP0A03:00: fail to add MMCONFIG information, can't access extended PCI configuration space under this bridge.
[    0.184280] PCI host bridge to bus 0000:00
[    0.184785] pci_bus 0000:00: root bus resource [io  0x0000-0x0cf7 window]
[    0.186215] pci_bus 0000:00: root bus resource [io  0x0d00-0xffff window]
[    0.188003] pci_bus 0000:00: root bus resource [mem 0x000a0000-0x000bffff window]
[    0.188947] pci_bus 0000:00: root bus resource [mem 0x40000000-0xfdffffff window]
[    0.189823] pci_bus 0000:00: root bus resource [bus 00-ff]
[    0.192203] pci 0000:00:01.1: legacy IDE quirk: reg 0x10: [io  0x01f0-0x01f7]
[    0.193013] pci 0000:00:01.1: legacy IDE quirk: reg 0x14: [io  0x03f6]
[    0.193760] pci 0000:00:01.1: legacy IDE quirk: reg 0x18: [io  0x0170-0x0177]
[    0.194570] pci 0000:00:01.1: legacy IDE quirk: reg 0x1c: [io  0x0376]
[    0.204658] pci 0000:00:07.0: quirk: [io  0x4000-0x403f] claimed by PIIX4 ACPI
[    0.205658] pci 0000:00:07.0: quirk: [io  0x4100-0x410f] claimed by PIIX4 SMB
[    0.212789] ACPI: PCI Interrupt Link [LNKA] (IRQs 5 9 10 *11)
[    0.213696] ACPI: PCI Interrupt Link [LNKB] (IRQs 5 9 *10 11)
[    0.214445] ACPI: PCI Interrupt Link [LNKC] (IRQs 5 *9 10 11)
[    0.215280] ACPI: PCI Interrupt Link [LNKD] (IRQs 5 9 10 *11)
[    0.216234] SCSI subsystem initialized
[    0.216731] pci 0000:00:02.0: vgaarb: setting as boot VGA device
[    0.216731] pci 0000:00:02.0: vgaarb: VGA device added: decodes=io+mem,owns=io+mem,locks=none
[    0.217776] pci 0000:00:02.0: vgaarb: bridge control possible
[    0.218495] vgaarb: loaded
[    0.218867] ACPI: bus type USB registered
[    0.220026] usbcore: registered new interface driver usbfs
[    0.220677] usbcore: registered new interface driver hub
[    0.221309] usbcore: registered new device driver usb
[    0.222144] EDAC MC: Ver: 3.0.0
[    0.222144] PCI: Using ACPI for IRQ routing
[    0.222144] NetLabel: Initializing
[    0.224008] NetLabel:  domain hash size = 128
[    0.224534] NetLabel:  protocols = UNLABELED CIPSOv4 CALIPSO
[    0.225205] NetLabel:  unlabeled traffic allowed by default
[    0.225877] clocksource: Switched to clocksource kvm-clock
[    0.237496] VFS: Disk quotas dquot_6.6.0
[    0.238202] VFS: Dquot-cache hash table entries: 512 (order 0, 4096 bytes)
[    0.239428] AppArmor: AppArmor Filesystem Enabled
[    0.240007] pnp: PnP ACPI init
[    0.241139] pnp: PnP ACPI: found 3 devices
[    0.249447] clocksource: acpi_pm: mask: 0xffffff max_cycles: 0xffffff, max_idle_ns: 2085701024 ns
[    0.250818] NET: Registered protocol family 2
[    0.251484] IP idents hash table entries: 16384 (order: 5, 131072 bytes)
[    0.255549] TCP established hash table entries: 8192 (order: 4, 65536 bytes)
[    0.256736] TCP bind hash table entries: 8192 (order: 5, 131072 bytes)
[    0.257724] TCP: Hash tables configured (established 8192 bind 8192)
[    0.258495] UDP hash table entries: 512 (order: 2, 16384 bytes)
[    0.259257] UDP-Lite hash table entries: 512 (order: 2, 16384 bytes)
[    0.260010] NET: Registered protocol family 1
[    0.260611] pci 0000:00:00.0: Limiting direct PCI/PCI transfers
[    0.261321] pci 0000:00:01.0: Activating ISA DMA hang workarounds
[    0.262063] pci 0000:00:02.0: Video device with shadowed ROM at [mem 0x000c0000-0x000dffff]
[    0.263111] Unpacking initramfs...
[    0.521185] Freeing initrd memory: 19528K
[    0.521938] clocksource: tsc: mask: 0xffffffffffffffff max_cycles: 0x6a8d2ad56ed, max_idle_ns: 881591064802 ns
[    0.523545] platform rtc_cmos: registered platform RTC device (no PNP device found)
[    0.524976] Scanning for low memory corruption every 60 seconds
[    0.526143] Initialise system trusted keyrings
[    0.526688] Key type blacklist registered
[    0.527244] workingset: timestamp_bits=36 max_order=18 bucket_order=0
[    0.528752] zbud: loaded
[    0.529446] squashfs: version 4.0 (2009/01/31) Phillip Lougher
[    0.530248] fuse init (API version 7.26)
[    0.532296] Key type asymmetric registered
[    0.532796] Asymmetric key parser 'x509' registered
[    0.533394] Block layer SCSI generic (bsg) driver version 0.4 loaded (major 246)
[    0.534536] io scheduler noop registered
[    0.535022] io scheduler deadline registered
[    0.535558] io scheduler cfq registered (default)
[    0.536605] ACPI: AC Adapter [AC] (on-line)
[    0.537155] input: Power Button as /devices/LNXSYSTM:00/LNXPWRBN:00/input/input0
[    0.538089] ACPI: Power Button [PWRF]
[    0.538585] input: Sleep Button as /devices/LNXSYSTM:00/LNXSLPBN:00/input/input1
[    0.539497] ACPI: Sleep Button [SLPF]
[    0.540272] Serial: 8250/16550 driver, 32 ports, IRQ sharing enabled
[    0.561508] 00:02: ttyS0 at I/O 0x3f8 (irq = 4, base_baud = 115200) is a 16550A
[    0.564675] Linux agpgart interface v0.103
[    0.568730] loop: module loaded
[    0.569655] scsi host0: ata_piix
[    0.570797] scsi host1: ata_piix
[    0.571577] ata1: PATA max UDMA/33 cmd 0x1f0 ctl 0x3f6 bmdma 0xd000 irq 14
[    0.572459] ata2: PATA max UDMA/33 cmd 0x170 ctl 0x376 bmdma 0xd008 irq 15
[    0.573322] tun: Universal TUN/TAP device driver, 1.6
[    0.574036] PPP generic driver version 2.4.2
[    0.574635] ehci_hcd: USB 2.0 'Enhanced' Host Controller (EHCI) Driver
[    0.575392] ehci-pci: EHCI PCI platform driver
[    0.575937] ehci-platform: EHCI generic platform driver
[    0.576646] ohci_hcd: USB 1.1 'Open' Host Controller (OHCI) Driver
[    0.577365] ohci-pci: OHCI PCI platform driver
[    0.577905] ohci-platform: OHCI generic platform driver
[    0.578528] uhci_hcd: USB Universal Host Controller Interface driver
[    0.579300] i8042: PNP: PS/2 Controller [PNP0303:PS2K,PNP0f03:PS2M] at 0x60,0x64 irq 1,12
[    0.580694] serio: i8042 KBD port at 0x60,0x64 irq 1
[    0.581342] serio: i8042 AUX port at 0x60,0x64 irq 12
[    0.582106] mousedev: PS/2 mouse device common for all mice
[    0.583205] rtc_cmos rtc_cmos: rtc core: registered rtc_cmos as rtc0
[    0.584149] input: AT Translated Set 2 keyboard as /devices/platform/i8042/serio0/input/input2
[    0.585367] rtc_cmos rtc_cmos: alarms up to one day, 114 bytes nvram
[    0.586221] i2c /dev entries driver
[    0.586694] device-mapper: uevent: version 1.0.3
[    0.587336] device-mapper: ioctl: 4.37.0-ioctl (2017-09-20) initialised: dm-devel@redhat.com
[    0.588437] ledtrig-cpu: registered to indicate activity on CPUs
[    0.589415] NET: Registered protocol family 10
[    0.592123] Segment Routing with IPv6
[    0.592766] NET: Registered protocol family 17
[    0.593365] Key type dns_resolver registered
[    0.594030] mce: Using 0 MCE banks
[    0.594460] RAS: Correctable Errors collector initialized.
[    0.595166] sched_clock: Marking stable (594012149, 0)->(704912809, -110900660)
[    0.596419] registered taskstats version 1
[    0.596927] Loading compiled-in X.509 certificates
[    0.598803] Loaded X.509 cert 'Build time autogenerated kernel key: b5b26778eaa3ab3a4a6cee031137706e947d12ad'
[    0.600366] Loaded X.509 cert 'Canonical Ltd. Live Patch Signing: 14df34d1a87cf37625abec039ef2bf521249b969'
[    0.601978] Loaded X.509 cert 'Canonical Ltd. Kernel Module Signing: 88f752e560a1e0737e31163a466ad7b70a850c19'
[    0.603136] blacklist: Loading compiled-in revocation X.509 certificates
[    0.604396] Loaded X.509 cert 'Canonical Ltd. Secure Boot Signing: 61482aa2830d0ab2ad5af10b7250da9033ddcef0'
[    0.605532] Loaded X.509 cert 'Canonical Ltd. Secure Boot Signing (2017): 242ade75ac4a15e50d50c84b0d45ff3eae707a03'
[    0.606733] Loaded X.509 cert 'Canonical Ltd. Secure Boot Signing (ESM 2018): 365188c1d374d6b07c3c8f240f8ef722433d6a8b'
[    0.608047] Loaded X.509 cert 'Canonical Ltd. Secure Boot Signing (2019): c0746fd6c5da3ae827864651ad66ae47fe24b3e8'
[    0.609311] Loaded X.509 cert 'Canonical Ltd. Secure Boot Signing (2021 v1): a8d54bbb3825cfb94fa13c9f8a594a195c107b8d'
[    0.610539] Loaded X.509 cert 'Canonical Ltd. Secure Boot Signing (2021 v2): 4cf046892d6fd3c9a5b03f98d845f90851dc6a8c'
[    0.611773] Loaded X.509 cert 'Canonical Ltd. Secure Boot Signing (2021 v3): 100437bb6de6e469b581e61cd66bce3ef4ed53af'
[    0.613067] Loaded X.509 cert 'Canonical Ltd. Secure Boot Signing (Ubuntu Core 2019): c1d57b8f6b743f23ee41f4f7ee292f06eecadfb9'
[    0.614389] zswap: loaded using pool lzo/zbud
[    0.616969] Key type big_key registered
[    0.617546] Key type trusted registered
[    0.618944] Key type encrypted registered
[    0.619683] AppArmor: AppArmor sha1 policy hashing enabled
[    0.620442] ima: No TPM chip found, activating TPM-bypass! (rc=-19)
[    0.621197] ima: Allocated hash algorithm: sha1
[    0.621750] evm: HMAC attrs: 0x1
[    0.622344]   Magic number: 0:60:232
[    0.622887] rtc_cmos rtc_cmos: setting system clock to 2024-11-05 14:14:58 UTC (1730816098)
[    0.624025] BIOS EDD facility v0.16 2004-Jun-25, 0 devices found
[    0.624787] EDD information not available.
[    0.765379] Freeing unused kernel image memory: 2480K
[    0.776044] Write protecting the kernel read-only data: 20480k
[    0.777950] Freeing unused kernel image memory: 2008K
[    0.779287] Freeing unused kernel image memory: 1820K
[    0.786556] x86/mm: Checked W+X mappings: passed, no W+X pages found.
Loading, please wait...
starting version 237
[    0.824528] e1000: Intel(R) PRO/1000 Network Driver - version 7.3.21-k8-NAPI
[    0.825647] e1000: Copyright (c) 1999-2006 Intel Corporation.
[    0.834896] Fusion MPT base driver 3.04.20
[    0.835642] Copyright (c) 1999-2008 LSI Corporation
[    0.839939] Fusion MPT SPI Host driver 3.04.20
[    0.849654] AVX2 version of gcm_enc/dec engaged.
[    0.850377] AES CTR mode by8 optimization enabled
[    1.040992] input: ImExPS/2 Generic Explorer Mouse as /devices/platform/i8042/serio1/input/input4
[    1.542601] e1000 0000:00:03.0 eth0: (PCI:33MHz:32-bit) 02:3b:7b:b7:3b:2d
[    1.543701] e1000 0000:00:03.0 eth0: Intel(R) PRO/1000 Network Connection
[    2.661767] e1000 0000:00:08.0 eth1: (PCI:33MHz:32-bit) 08:00:27:ee:42:b8
[    2.662772] e1000 0000:00:08.0 eth1: Intel(R) PRO/1000 Network Connection
[    2.664680] e1000 0000:00:08.0 enp0s8: renamed from eth1
[    2.672111] mptbase: ioc0: Initiating bringup
[    2.685119] e1000 0000:00:03.0 enp0s3: renamed from eth0
[    2.784977] ioc0: LSI53C1030 A0: Capabilities={Initiator}
[    3.026229] scsi host2: ioc0: LSI53C1030 A0, FwRev=00000000h, Ports=1, MaxQ=256, IRQ=20
[    3.192718] scsi 2:0:0:0: Direct-Access     VBOX     HARDDISK         1.0  PQ: 0 ANSI: 5
[    3.228769] scsi target2:0:0: Beginning Domain Validation
[    3.237534] scsi target2:0:0: Domain Validation skipping write tests
[    3.239578] scsi target2:0:0: Ending Domain Validation
[    3.240374] scsi target2:0:0: asynchronous
[    3.241544] scsi 2:0:1:0: Direct-Access     VBOX     HARDDISK         1.0  PQ: 0 ANSI: 5
[    3.272640] scsi target2:0:1: Beginning Domain Validation
[    3.275383] scsi target2:0:1: Domain Validation skipping write tests
[    3.276127] scsi target2:0:1: Ending Domain Validation
[    3.277048] scsi target2:0:1: asynchronous
[    3.280652] sd 2:0:0:0: Attached scsi generic sg0 type 0
[    3.280806] sd 2:0:0:0: [sda] 83886080 512-byte logical blocks: (42.9 GB/40.0 GiB)
[    3.281657] sd 2:0:1:0: Attached scsi generic sg1 type 0
[    3.283228] sd 2:0:0:0: [sda] Write Protect is off
[    3.285154] sd 2:0:0:0: [sda] Incomplete mode parameter data
[    3.285162] sd 2:0:1:0: [sdb] 20480 512-byte logical blocks: (10.5 MB/10.0 MiB)
[    3.285817] sd 2:0:0:0: [sda] Assuming drive cache: write through
[    3.289013] sd 2:0:1:0: [sdb] Write Protect is off
[    3.289863] sd 2:0:1:0: [sdb] Incomplete mode parameter data
[    3.290765] sd 2:0:1:0: [sdb] Assuming drive cache: write through
[    3.293257]  sda: sda1
[    3.294482] sd 2:0:0:0: [sda] Attached SCSI disk
[    3.307762] sd 2:0:1:0: [sdb] Attached SCSI disk
Begin: Loading essential drivers ... [    4.672028] raid6: sse2x1   gen() 14011 MB/s
[    4.720368] raid6: sse2x1   xor()  8235 MB/s
[    4.768424] raid6: sse2x2   gen() 17499 MB/s
[    4.816461] raid6: sse2x2   xor() 11147 MB/s
[    4.864290] raid6: sse2x4   gen() 18583 MB/s
[    4.912112] raid6: sse2x4   xor() 10565 MB/s
[    4.960382] raid6: avx2x1   gen() 28774 MB/s
[    5.008722] raid6: avx2x1   xor() 16350 MB/s
[    5.056544] raid6: avx2x2   gen() 32949 MB/s
[    5.104432] raid6: avx2x2   xor() 21862 MB/s
[    5.153461] raid6: avx2x4   gen() 33117 MB/s
[    5.204113] raid6: avx2x4   xor() 17268 MB/s
[    5.204768] raid6: using algorithm avx2x4 gen() 33117 MB/s
[    5.205456] raid6: .... xor() 17268 MB/s, rmw enabled
[    5.206091] raid6: using avx2x2 recovery algorithm
[    5.207506] xor: automatically using best checksumming function   avx       
[    5.209199] async_tx: api initialized (async)
done.
Begin: Running /scripts/init-premount ... done.
Begin: Mounting root file system ... Begin: Running /scripts/local-top ... done.
Begin: Running /scripts/local-premount ... [    5.243943] Btrfs loaded, crc32c=crc32c-intel
Scanning for Btrfs filesystems
done.
Warning: fsck not present, so skipping root file system
[    6.079624] EXT4-fs (sda1): mounted filesystem with ordered data mode. Opts: (null)
done.
Begin: Running /scripts/local-bottom ... done.
Begin: Running /scripts/init-bottom ... done.
[    6.657190] ip_tables: (C) 2000-2006 Netfilter Core Team
[    6.665518] systemd[1]: systemd 237 running in system mode. (+PAM +AUDIT +SELINUX +IMA +APPARMOR +SMACK +SYSVINIT +UTMP +LIBCRYPTSETUP +GCRYPT +GNUTLS +ACL +XZ +LZ4 +SECCOMP +BLKID +ELFUTILS +KMOD -IDN2 +IDN -PCRE2 default-hierarchy=hybrid)
[    6.668938] systemd[1]: Detected virtualization oracle.
[    6.669810] systemd[1]: Detected architecture x86-64.

Welcome to [1mUbuntu 18.04.6 LTS[0m!

[    6.674721] systemd[1]: Set hostname to <ubuntu>.
[    6.677335] systemd[1]: Initializing machine ID from random generator.
[    6.678482] systemd[1]: Installed transient /etc/machine-id file.
[    6.867194] systemd[1]: Reached target Swap.
[[0;32m  OK  [0m] Reached target Swap.
[    6.880560] systemd[1]: Reached target User and Group Name Lookups.
[[0;32m  OK  [0m] Reached target User and Group Name Lookups.
[    6.883228] systemd[1]: Created slice System Slice.
[[0;32m  OK  [0m] Created slice System Slice.
[    6.896251] systemd[1]: Listening on /dev/initctl Compatibility Named Pipe.
[[0;32m  OK  [0m] Listening on /dev/initctl Compatibility Named Pipe.
[[0;32m  OK  [0m] Listening on LVM2 metadata daemon socket.
[[0;32m  OK  [0m] Listening on Journal Socket (/dev/log).
[[0;32m  OK  [0m] Listening on Syslog Socket.
[[0;32m  OK  [0m] Listening on Journal Audit Socket.
[[0;32m  OK  [0m] Reached target System Time Synchronized.
[[0;32m  OK  [0m] Listening on fsck to fsckd communication Socket.
[[0;32m  OK  [0m] Listening on Device-mapper event daemon FIFOs.
[[0;32m  OK  [0m] Listening on udev Kernel Socket.
[[0;32m  OK  [0m] Listening on LVM2 poll daemon socket.
[[0;32m  OK  [0m] Created slice system-serial\x2dgetty.slice.
[[0;32m  OK  [0m] Started Forward Password Requests to Wall Directory Watch.
[[0;32m  OK  [0m] Listening on Network Service Netlink Socket.
[[0;32m  OK  [0m] Listening on udev Control Socket.
[[0;32m  OK  [0m] Reached target Mounting snaps.
[[0;32m  OK  [0m] Set up automount Arbitrary Executabâ€¦rmats File System Automount Point.
[[0;32m  OK  [0m] Created slice User and Session Slice.
[[0;32m  OK  [0m] Reached target Mounted snaps.
[[0;32m  OK  [0m] Reached target Slices.
[[0;32m  OK  [0m] Listening on Journal Socket.
         Starting udev Coldplug all Devices...
         Mounting Huge Pages File System...
         Starting Create list of required stâ€¦ce nodes for the current kernel...
         Starting File System Check on Root Device...
         Starting Load Kernel Modules...
         Mounting Kernel Debug File System...
         Starting Monitoring of LVM2 mirrorsâ€¦ng dmeventd or progress polling...
         Starting Set the console keyboard layout...
[    7.117488] Loading iSCSI transport class v2.0-870.
         Mounting POSIX Message Queue File System...
         Starting Uncomplicated firewall...
[    7.125122] iscsi: registered transport (tcp)
         Starting Journal Service...
[[0;32m  OK  [0m] Mounted Huge Pages File System.
[[0;32m  OK  [0m] Started Create list of required staâ€¦vice nodes for the current kernel.
[[0;32m  OK  [0m] Mounted Kernel Debug File System.
[[0;32m  OK  [0m] Mounted POSIX Message Queue File System.
[[0;32m  OK  [0m] Started File System Check Daemon to report status.
         Starting Create Static Device Nodes in /dev...
[[0;32m  OK  [0m] Started udev Coldplug all Devices.
[[0;32m  OK  [0m] Started LVM2 metadata daemon.
[[0;32m  OK  [0m] Started Uncomplicated firewall.
[[0;32m  OK  [0m] Started Journal Service.
[[0;32m  OK  [0m] Started File System Check on Root Device.
         Starting Remount Root and Kernel File Systems...
[    7.229490] iscsi: registered transport (iser)
[[0;32m  OK  [0m] Started Load Kernel Modules.
         Mounting FUSE Control File System...
         Mounting Kernel Configuration File System...
         Starting Apply Kernel Variables...
[[0;32m  OK  [0m] Started Create Static Device Nodes in /dev.
[[0;32m  OK  [0m] Mounted FUSE Control File System.
[[0;32m  OK  [0m] Mounted Kernel Configuration File System.
[[0;32m  OK  [0m] Started Remount Root and Kernel File Systems.
         Starting udev Kernel Device Manager...
         Starting Flush Journal to Persistent Storage...
         Starting Load/Save Random Seed...
[[0;32m  OK  [0m] Started Monitoring of LVM2 mirrors,â€¦sing dmeventd or progress polling.
[[0;32m  OK  [0m] Started Apply Kernel Variables.
[[0;32m  OK  [0m] Started udev Kernel Device Manager.
[[0;32m  OK  [0m] Started Load/Save Random Seed.
[[0;32m  OK  [0m] Started Flush Journal to Persistent Storage.
[[0;32m  OK  [0m] Found device /dev/ttyS0.
[[0;32m  OK  [0m] Listening on Load/Save RF Kill Switch Status /dev/rfkill Watch.
         Mounting Arbitrary Executable File Formats File System...
[[0;32m  OK  [0m] Mounted Arbitrary Executable File Formats File System.
[[0;32m  OK  [0m] Started Set the console keyboard layout.
[[0;32m  OK  [0m] Reached target Local File Systems (Pre).
[[0;32m  OK  [0m] Reached target Local File Systems.
         Starting Tell Plymouth To Write Out Runtime Data...
         Starting AppArmor initialization...
         Starting Set console font and keymap...
         Starting Commit a transient machine-id on disk...
         Starting Create Volatile Files and Directories...
         Starting ebtables ruleset management...
[[0;32m  OK  [0m] Started Dispatch Password Requests to Console Directory Watch.
[[0;32m  OK  [0m] Reached target Local Encrypted Volumes.
[[0;32m  OK  [0m] Started Tell Plymouth To Write Out Runtime Data.
[[0;32m  OK  [0m] Started Create Volatile Files and Directories.
         Starting Update UTMP about System Boot/Shutdown...
[[0;32m  OK  [0m] Started Update UTMP about System Boot/Shutdown.
[[0;32m  OK  [0m] Started Commit a transient machine-id on disk.
[[0;32m  OK  [0m] Started ebtables ruleset management.
[[0;32m  OK  [0m] Started AppArmor initialization.
         Starting Load AppArmor profiles managed internally by snapd...
         Starting Initial cloud-init job (pre-networking)...
[[0;32m  OK  [0m] Started Load AppArmor profiles managed internally by snapd.
[[0;32m  OK  [0m] Started Set console font and keymap.
[   10.073436] cloud-init[878]: Cloud-init v. 23.1.2-0ubuntu0~18.04.1 running 'init-local' at Tue, 05 Nov 2024 14:15:07 +0000. Up 9.82 seconds.
[[0;32m  OK  [0m] Started Initial cloud-init job (pre-networking).
[[0;32m  OK  [0m] Reached target Network (Pre).
         Starting Network Service...
[[0;32m  OK  [0m] Started Network Service.
         Starting Network Name Resolution...
         Starting Wait for Network to be Configured...
[[0;32m  OK  [0m] Started Network Name Resolution.
[[0;32m  OK  [0m] Reached target Network.
[[0;32m  OK  [0m] Reached target Host and Network Name Lookups.
[[0;32m  OK  [0m] Started Wait for Network to be Configured.
         Starting Initial cloud-init job (metadata service crawler)...
[   12.141959] cloud-init[1036]: Cloud-init v. 23.1.2-0ubuntu0~18.04.1 running 'init' at Tue, 05 Nov 2024 14:15:09 +0000. Up 12.00 seconds.
[   12.142985] cloud-init[1036]: ci-info: ++++++++++++++++++++++++++++++++++++++Net device info+++++++++++++++++++++++++++++++++++++++
[   12.144002] cloud-init[1036]: ci-info: +--------+-------+----------------------------+---------------+--------+-------------------+
[   12.145211] cloud-init[1036]: ci-info: | Device |   Up  |          Address           |      Mask     | Scope  |     Hw-Address    |
[   12.147188] cloud-init[1036]: ci-info: +--------+-------+----------------------------+---------------+--------+-------------------+
[   12.148266] cloud-init[1036]: ci-info: | enp0s3 |  True |         10.0.2.15          | 255.255.255.0 | global | 02:3b:7b:b7:3b:2d |
[   12.149310] cloud-init[1036]: ci-info: | enp0s3 |  True | fe80::3b:7bff:feb7:3b2d/64 |       .       |  link  | 02:3b:7b:b7:3b:2d |
[   12.152267] cloud-init[1036]: ci-info: | enp0s8 | False |             .              |       .       |   .    | 08:00:27:ee:42:b8 |
[   12.153949] cloud-init[1036]: ci-info: |   lo   |  True |         127.0.0.1          |   255.0.0.0   |  host  |         .         |
[   12.155283] cloud-init[1036]: ci-info: |   lo   |  True |          ::1/128           |       .       |  host  |         .         |
[   12.156355] cloud-init[1036]: ci-info: +--------+-------+----------------------------+---------------+--------+-------------------+
[   12.157513] cloud-init[1036]: ci-info: ++++++++++++++++++++++++++++Route IPv4 info+++++++++++++++++++++++++++++
[   12.158422] cloud-init[1036]: ci-info: +-------+-------------+----------+-----------------+-----------+-------+
[   12.159356] cloud-init[1036]: ci-info: | Route | Destination | Gateway  |     Genmask     | Interface | Flags |
[   12.160527] cloud-init[1036]: ci-info: +-------+-------------+----------+-----------------+-----------+-------+
[   12.161580] cloud-init[1036]: ci-info: |   0   |   0.0.0.0   | 10.0.2.2 |     0.0.0.0     |   enp0s3  |   UG  |
[   12.162440] cloud-init[1036]: ci-info: |   1   |   10.0.2.0  | 0.0.0.0  |  255.255.255.0  |   enp0s3  |   U   |
[   12.163924] cloud-init[1036]: ci-info: |   2   |   10.0.2.2  | 0.0.0.0  | 255.255.255.255 |   enp0s3  |   UH  |
[   12.165013] cloud-init[1036]: ci-info: +-------+-------------+----------+-----------------+-----------+-------+
[   12.165853] cloud-init[1036]: ci-info: +++++++++++++++++++Route IPv6 info+++++++++++++++++++
[   12.166585] cloud-init[1036]: ci-info: +-------+-------------+---------+-----------+-------+
[   12.167997] cloud-init[1036]: ci-info: | Route | Destination | Gateway | Interface | Flags |
[   12.169530] cloud-init[1036]: ci-info: +-------+-------------+---------+-----------+-------+
[   12.170432] cloud-init[1036]: ci-info: |   1   |  fe80::/64  |    ::   |   enp0s3  |   U   |
[   12.171155] cloud-init[1036]: ci-info: |   3   |    local    |    ::   |   enp0s3  |   U   |
[   12.171946] cloud-init[1036]: ci-info: |   4   |   ff00::/8  |    ::   |   enp0s3  |   U   |
[   12.172754] cloud-init[1036]: ci-info: +-------+-------------+---------+-----------+-------+
[   12.732180] cloud-init[1036]: Generating public/private rsa key pair.
[   12.732696] cloud-init[1036]: Your identification has been saved in /etc/ssh/ssh_host_rsa_key.
[   12.733127] cloud-init[1036]: Your public key has been saved in /etc/ssh/ssh_host_rsa_key.pub.
[   12.733820] cloud-init[1036]: The key fingerprint is:
[   12.734367] cloud-init[1036]: SHA256:Gsmvx468g1mxgSjmzS9Mcc5kvsU6Jm9wGUN1AaQ4Zt0 root@ubuntu-bionic
[   12.735055] cloud-init[1036]: The key's randomart image is:
[   12.735619] cloud-init[1036]: +---[RSA 2048]----+
[   12.736072] cloud-init[1036]: |      o+.o.      |
[   12.736521] cloud-init[1036]: |    o.o .        |
[   12.748208] cloud-init[1036]: |   *.+ E         |
[   12.748608] cloud-init[1036]: |..+.oBo.         |
[   12.748933] cloud-init[1036]: |o.o O O+S        |
[   12.749273] cloud-init[1036]: | . = *o*         |
[   12.749670] cloud-init[1036]: |  o ++=..        |
[   12.750020] cloud-init[1036]: |   +oO.oo        |
[   12.760203] cloud-init[1036]: |    *.*=.        |
[   12.772201] cloud-init[1036]: +----[SHA256]-----+
[[0;32m  OK  [0m] Started Initial cloud-init job (metadata service crawler).
[   12.789107] cloud-init[1036]: Generating public/private dsa key pair.
[[0;32m  OK  [0m] Reached target System Initialization.
[[0;32m  OK  [0m] Started Ubuntu Advantage Timer for running repeated jobs.
[[0;32m  OK  [0m] Started Daily apt download activities.
[[0;32m  OK  [0m] Started Daily Cleanup of Temporary Directories.
[[0;32m  OK  [0m] Started Daily apt upgrade and clean activities.
[   12.805093] cloud-init[1036]: Your identification has been saved in /etc/ssh/ssh_host_dsa_key.
[[0;32m  OK  [0m] Started Discard unused blocks once a week.
[   12.821606] cloud-init[1036]: Your public key has been saved in /etc/ssh/ssh_host_dsa_key.pub.
[   12.822439] cloud-init[1036]: The key fingerprint is:
[   12.823014] cloud-init[1036]: SHA256:C6ZuNSkxGpvzy4ITwS6iwTqNM2gW460s+zFkvlXBni8 root@ubuntu-bionic
[   12.823859] cloud-init[1036]: The key's randomart image is:
[[0;32m  OK  [0m] Started ACPI Events Check.
[   12.837085] [[0;32m  OK  [0m] Started Message of the Day.
[[0;32m  OK  [0m] Reached target Timers.
cloud-init         Starting Socket activation for snappy daemon.
[[0;32m  OK  [0m] Reached target Paths.
[[0;32m  OK  [0m] Listening on cloud-init hotplug hook socket.
[[0;32m  OK  [0m] Listening on ACPID Listen Socket.
[[0;32m  OK  [0m] Listening on Open-iSCSI iscsid Socket.
[[0;32m  OK  [0m] Listening on UUID daemon activation socket.
[[0;32m  OK  [0m] Listening on D-Bus System Message Bus Socket.
[1036]: +---[DSA 1024]----+
[   12.841125] cloud-init[1036]: |                 |
[   12.841514] cloud-init[1036]: |     .           |
[   12.841954] cloud-init[1036]: |.     o          |
[   12.842378] cloud-init[1036]: |... o. o         |
[   12.852625] cloud-init[1036]: |o.o= o*.S        |
[   12.853087] cloud-init[1036]: |=O= .++o .       |
[   12.853397] cloud-init[1036]: |B*BoooE.o        |
         Starting LXD - unix socket.
[[0;32m  OK  [0m] Reached target Network is Online.
[   12.865273] cloud-init[1036]: |&+oOo  .         |
         Starting Availability of block devices...
[[0;32m  OK  [0m] Reached target Remote File Systems (Pre).
[[0;32m  OK  [0m] Reached target Remote File Systems.
[[0;32m  OK  [0m] Reached target Cloud-config availability.
[   12.867109] cloud-init[1036]: [[0;32m  OK  [0m] Listening on Socket activation for snappy daemon.
[[0;32m  OK  [0m] Listening on LXD - unix socket.
[[0;32m  OK  [0m] Reached target Sockets.
[[0;32m  OK  [0m] Reached target Basic System.
|=X+o+.           |
         Starting Accounts Service...
         Starting Permit User Sessions...
         Starting Login Service...
[[0;32m  OK  [0m] Reached target Login Prompts (Pre).
         Starting Pollinate to seed the pseudo random number generator...
[   12.875427] cloud-init[[0;32m  OK  [0m] Started irqbalance daemon.
[1036]: +----[SHA256]-----+
         Starting Dispatcher daemon for systemd-networkd...
[[0;32m  OK  [0m] Started D-Bus System Message Bus.
[   12.879952] cloud-init[1036]: Generating public/private ecdsa key pair.
[   12.880791] cloud-init[1036]: Your identification has been saved in /etc/ssh/ssh_host_ecdsa_key.
[   12.881978] cloud-init[1036]: Your public key has been saved in /etc/ssh/ssh_host_ecdsa_key.pub.
[   12.892134] cloud-init[1036]: The key fingerprint is:
[   12.904114] cloud-init[1036]: SHA256:GeJHwDL0rB32PXiHmgcAIE6lmc1HJF1S4r8QSRp69QY root@ubuntu-bionic
[   12.916247] cloud-init[1036]: The key's randomart image is:
[   12.932175] cloud-init[1036]: +---[ECDSA 256]---+
[   12.944490] cloud-init[1036]: |..o*=E+o         |
[   12.956354] cloud-init[1036]: |o.B @=B.         |
[   12.968853] cloud-init[1036]: | * = BBoo        |
[   12.969514] cloud-init[1036]: |  . .=+* = .     |
[   12.980231] cloud-init[1036]: |    ..o.S = .    |
[   12.981937] cloud-init[1036]: |      ...= o     |
         Starting LSB: automatic crash report generation...
[   12.996237] cloud-init[1036]: |       .o .      |
[   13.008154] cloud-init[1036]: |         .       |
[[0;32m  OK  [0m] Started Regular background program processing daemon.
[   13.020971] cloud-init[1036]: |                 |
[   13.034812] [[0;32m  OK  [0m] Started Deferred execution scheduler.
cloud-init[1036]: +----[SHA256]-----+
[   13.040376] cloud-init[1036]: Generating public/private ed25519 key pair.
         Starting LSB: Record successful boot for GRUB...
[   13.055105] cloud-init[1036]: Your identification has been saved in /etc/ssh/ssh_host_ed25519_key.
         Starting Virtualbox guest utils...
[   13.056835] cloud-init[1036]: Your public key has been saved in /etc/ssh/ssh_host_ed25519_key.pub.
         Starting LXD - container startup/shutdown...
[   13.058950] cloud-init[1036]: The key fingerprint is:
[   13.068995]          Starting System Logging Service...
cloud-init[1036]: SHA256:B9DzC5z6VBn9ppqzRYXjVVqO+nlIXlG7ku/6v2MKBt4 root@ubuntu-bionic[[0;32m  OK  [0m] Started FUSE filesystem for LXC.

[   13.070910] cloud-init[1036]: The key's randomart image is:
[   13.081108] cloud-init[1036]: +--[ED25519 256]--+
[   13.082529] cloud-init[1036]: |      ..   .    +|
[   13.083198] cloud-init[1036]: |       .o . .. *o|
[   13.083881] cloud-init[1036]: |       ..+ oo.=o.|
[   13.085586] cloud-init[1036]: |        +.+. =+ o|
[   13.086386] cloud-init[1036]: |       .S+..+=...|
[   13.087022] cloud-init[1036]: |      . o.+..+o+ |
[   13.087588] cloud-init[1036]: |       o . E. =..|
[   13.088310] cloud-init[1036]: |        . =.. .+ |
[   13.088993] cloud-init[1036]: |          .o o=+=|
[   13.100581] cloud-init[1036]: +----[SHA256]-----+
         Starting Snap Daemon...
[[0;32m  OK  [0m] Started Availability of block devices.
[[0;32m  OK  [0m] Started Permit User Sessions.
[[0;32m  OK  [0m] Started Login Service.
[[0;32m  OK  [0m] Started System Logging Service.
         Starting Authorization Manager...
[[0;32m  OK  [0m] Started Unattended Upgrades Shutdown.
         Starting Terminate Plymouth Boot Screen...
         Starting Hold until boot process finishes up...
[[0;32m  OK  [0m] Started Hold until boot process finishes up.
[[0;32m  OK  [0m] Started LSB: automatic crash report generation.
[[0;32m  OK  [0m] Started Terminate Plymouth Boot Screen.
         Starting Set console scheme...
[[0;32m  OK  [0m] Started Serial Getty on ttyS0.
[[0;32m  OK  [0m] Started Set console scheme.
[[0;32m  OK  [0m] Created slice system-getty.slice.
[[0;32m  OK  [0m] Started Getty on tty1.
[[0;32m  OK  [0m] Reached target Login Prompts.
[[0;32m  OK  [0m] Started Dispatcher daemon for systemd-networkd.
[[0;32m  OK  [0m] Started LSB: Record successful boot for GRUB.
[[0;32m  OK  [0m] Started Authorization Manager.
[[0;32m  OK  [0m] Started Accounts Service.
[[0;32m  OK  [0m] Started Virtualbox guest utils.
[[0;32m  OK  [0m] Started LXD - container startup/shutdown.
[[0;32m  OK  [0m] Started Snap Daemon.
         Starting Wait until snapd is fully seeded...
[[0;32m  OK  [0m] Started Pollinate to seed the pseudo random number generator.
         Starting OpenBSD Secure Shell server...
[[0;32m  OK  [0m] Started OpenBSD Secure Shell server.
[[0;32m  OK  [0m] Created slice User Slice of vagrant.
         Starting User Manager for UID 1000...
[[0;32m  OK  [0m] Started Session 1 of user vagrant.
[[0;32m  OK  [0m] Started User Manager for UID 1000.
         Starting Time & Date Service...
[[0;32m  OK  [0m] Started Time & Date Service.
[[0;32m  OK  [0m] Started Wait until snapd is fully seeded.
         Starting Apply the settings specified in cloud-config...
[   16.809243] cloud-init[1759]: Cloud-init v. 23.1.2-0ubuntu0~18.04.1 running 'modules:config' at Tue, 05 Nov 2024 14:15:14 +0000. Up 16.51 seconds.
[[0;32m  OK  [0m] Started Apply the settings specified in cloud-config.
[[0;32m  OK  [0m] Reached target Multi-User System.
[[0;32m  OK  [0m] Reached target Graphical Interface.
         Starting Execute cloud user/final scripts...
         Starting Update UTMP about System Runlevel Changes...
[[0;32m  OK  [0m] Started Update UTMP about System Runlevel Changes.
ci-info: no authorized SSH keys fingerprints found for user ubuntu.
<14>Nov  5 14:15:15 cloud-init: #############################################################
<14>Nov  5 14:15:15 cloud-init: -----BEGIN SSH HOST KEY FINGERPRINTS-----
<14>Nov  5 14:15:15 cloud-init: 1024 SHA256:C6ZuNSkxGpvzy4ITwS6iwTqNM2gW460s+zFkvlXBni8 root@ubuntu-bionic (DSA)
<14>Nov  5 14:15:15 cloud-init: 256 SHA256:GeJHwDL0rB32PXiHmgcAIE6lmc1HJF1S4r8QSRp69QY root@ubuntu-bionic (ECDSA)
<14>Nov  5 14:15:15 cloud-init: 256 SHA256:B9DzC5z6VBn9ppqzRYXjVVqO+nlIXlG7ku/6v2MKBt4 root@ubuntu-bionic (ED25519)
<14>Nov  5 14:15:15 cloud-init: 2048 SHA256:Gsmvx468g1mxgSjmzS9Mcc5kvsU6Jm9wGUN1AaQ4Zt0 root@ubuntu-bionic (RSA)
<14>Nov  5 14:15:15 cloud-init: -----END SSH HOST KEY FINGERPRINTS-----
<14>Nov  5 14:15:15 cloud-init: #############################################################
-----BEGIN SSH HOST KEY KEYS-----
ecdsa-sha2-nistp256 AAAAE2VjZHNhLXNoYTItbmlzdHAyNTYAAAAIbmlzdHAyNTYAAABBBHiZjS607dRiy0AAsP3zDPXvNRxc3KVyf1+X7NOG4imERIEbHid2ayGt7/m/U/PaVx5JJ/6LsMmGQEPh0HhEeFM= root@ubuntu-bionic
ssh-ed25519 AAAAC3NzaC1lZDI1NTE5AAAAIIVb6S5kDkq2SkgQNhN4UMgvRanAQMKtN6F+XROoMJN5 root@ubuntu-bionic
ssh-rsa AAAAB3NzaC1yc2EAAAADAQABAAABAQCtTMpE7xygnK5F4tewRoi42cKpUnDnlDNzmg6R26LpXfNdhfj6qJoUF8Fi/FUMijYoD1OxaBWqwuduQD1QTcfFH5LEbrAuoIFJVzIWLoM4uYdi5demnHH0jcA6V5RimYW+/614IDjZ0G/c0uK17tv+f++QNEXXvLtMkECpxhYUN3ONeHaDp3/1esYFzKZuPxWZOayxRcVdIUnsmI2rPODIs1K0oXNcwssh0VSGNYzWasFyP8bMzfPkgXAdmAi6WSgWwr1mbRFp0n8aRL55B5fDBkCwlYHoF5X06UudF8NJJnDzUctf3MilbuLBqS3uvPjB9vongVtNA4ZgLHBfIo6T root@ubuntu-bionic
-----END SSH HOST KEY KEYS-----
[   17.358953] cloud-init[1874]: Cloud-init v. 23.1.2-0ubuntu0~18.04.1 running 'modules:final' at Tue, 05 Nov 2024 14:15:15 +0000. Up 17.20 seconds.
[   17.359956] cloud-init[1874]: Cloud-init v. 23.1.2-0ubuntu0~18.04.1 finished at Tue, 05 Nov 2024 14:15:15 +0000. Datasource DataSourceNoCloud [seed=/dev/sdb][dsmode=net].  Up 17.35 seconds
[[0;32m  OK  [0m] Started Execute cloud user/final scripts.
[[0;32m  OK  [0m] Reached target Cloud-init target.

Ubuntu 18.04.6 LTS ubuntu-bionic ttyS0

ubuntu-bionic login: 